
> cms-frontend@1.0.0 dev:bank
> turbo dev --filter=@cms/bank-ops

• turbo 2.8.9
• Packages in scope: @cms/bank-ops
• Running dev in 1 packages
• Remote caching disabled
@cms/bank-ops:dev: cache bypass, force executing 03879d473bb6b91f
@cms/bank-ops:dev: 
@cms/bank-ops:dev: > @cms/bank-ops@1.0.0 dev
@cms/bank-ops:dev: > next dev --port 3000
@cms/bank-ops:dev: 
@cms/bank-ops:dev: [baseline-browser-mapping] The data in this module is over two months old.  To ensure accurate Baseline data, please update: `npm i baseline-browser-mapping@latest -D`
@cms/bank-ops:dev: [baseline-browser-mapping] The data in this module is over two months old.  To ensure accurate Baseline data, please update: `npm i baseline-browser-mapping@latest -D`
@cms/bank-ops:dev:    ▲ Next.js 14.0.4
@cms/bank-ops:dev:    - Local:        http://localhost:3000
@cms/bank-ops:dev:    - Environments: .env.local
@cms/bank-ops:dev: 
@cms/bank-ops:dev: > [PWA] PWA support is disabled
@cms/bank-ops:dev: > [PWA] PWA support is disabled
@cms/bank-ops:dev:  ✓ Ready in 3.3s
@cms/bank-ops:dev:  ○ Compiling / ...
@cms/bank-ops:dev: Browserslist: browsers data (caniuse-lite) is 8 months old. Please run:
@cms/bank-ops:dev:   npx update-browserslist-db@latest
@cms/bank-ops:dev:   Why you should do it regularly: https://github.com/browserslist/update-db#readme
@cms/bank-ops:dev:  ✓ Compiled / in 3.7s (1338 modules)
@cms/bank-ops:dev:  ✓ Compiled in 751ms (637 modules)
@cms/bank-ops:dev:  ○ Compiling /not-found ...
@cms/bank-ops:dev:  ✓ Compiled /not-found in 798ms (1329 modules)
@cms/bank-ops:dev:  ○ Compiling /login ...
@cms/bank-ops:dev:  ✓ Compiled /login in 635ms (1339 modules)
@cms/bank-ops:dev:  ○ Compiling /dashboard ...
@cms/bank-ops:dev:  ✓ Compiled /dashboard in 1255ms (1368 modules)
@cms/bank-ops:dev:  ✓ Compiled in 1775ms (1372 modules)
